---
source: crates/host-macros/src/runtime.rs
expression: "expand_pretty(quote!({\n    hosts:\n    { WasiKeyValue: Redis, WasiOtel: OtelDefault, WasiMessaging: Redis, },\n}))"
---
mod runtime {
    use omnia::anyhow::Result;
    use omnia::futures::future;
    use omnia::Server;
    use omnia::tokio;
    use super::*;
    use omnia::Backend;
    #[derive(Clone)]
    struct Backends {
        redis: Redis,
        otel_default: OtelDefault,
    }
    impl omnia::Backends for Backends {
        async fn connect() -> Result<Self> {
            let (redis, otel_default) = tokio::try_join!(
                < Redis as Backend > ::connect(), < OtelDefault as Backend > ::connect(),
            )?;
            Ok(Self { redis, otel_default })
        }
    }
    impl omnia::Provides<WasiKeyValue> for Backends {
        fn borrow(&mut self) -> <WasiKeyValue as omnia::HostCtx>::Borrow<'_> {
            &mut self.redis
        }
    }
    impl omnia::Provides<WasiOtel> for Backends {
        fn borrow(&mut self) -> <WasiOtel as omnia::HostCtx>::Borrow<'_> {
            &mut self.otel_default
        }
    }
    impl omnia::Provides<WasiMessaging> for Backends {
        fn borrow(&mut self) -> <WasiMessaging as omnia::HostCtx>::Borrow<'_> {
            &mut self.redis
        }
    }
    /// This runtime's host wiring, generic over the bundle carrying
    /// its hosts' contexts: the compiled-in bundle under `main` and
    /// `run`, any other under `run_with`.
    pub struct Hooks;
    impl<B> omnia::Wiring<B> for Hooks
    where
        B: Clone + Send + Sync + 'static,
        B: omnia::Provides<WasiKeyValue>,
        B: omnia::Provides<WasiOtel>,
        B: omnia::Provides<WasiMessaging>,
    {
        fn link(deployment: &mut omnia::Deployment<omnia::StoreCtx<B>>) -> Result<()> {
            deployment.host::<WasiKeyValue, B>()?;
            deployment.host::<WasiOtel, B>()?;
            deployment.host::<WasiMessaging, B>()?;
            Ok(())
        }
        async fn serve(runtime: &omnia::Runtime<B>) -> Result<()> {
            let servers: Vec<future::BoxFuture<'_, Result<()>>> = vec![
                Box::pin(WasiKeyValue.run(runtime)), Box::pin(WasiOtel.run(runtime)),
                Box::pin(WasiMessaging.run(runtime)),
            ];
            future::try_join_all(servers).await?;
            Ok(())
        }
    }
    /// The deployment compiled in here (`config:` or the inline
    /// manifest keys; empty when neither is declared), for an
    /// embedder to overlay before `run_with`.
    pub fn manifest() -> omnia::ManifestSource {
        omnia::ManifestSource::Inline(omnia::Manifest::new())
    }
    /// Entry point: run the compiled-in deployment through this
    /// runtime's hosts and backends (raw argv passthrough for a
    /// command deployment compiled in here, otherwise the standard
    /// `run` grammar).
    #[tokio::main]
    pub async fn main() -> ::std::process::ExitCode {
        omnia::main::<Backends, Hooks>(omnia::MainOptions::new(omnia::Mode::Server))
            .await
    }
    /// Run one deployment through this runtime's hosts and backends,
    /// blocking until the guest completes.
    #[tokio::main]
    pub async fn run(builder: omnia::DeploymentBuilder) -> Result<omnia::ExitStatus> {
        omnia::run::<Backends, Hooks>(builder.mode(omnia::Mode::Server)).await
    }
    /// Run one deployment through this runtime's hosts over a bundle
    /// already in hand — nothing connects.
    pub async fn run_with<B>(
        builder: omnia::DeploymentBuilder,
        backends: B,
    ) -> Result<omnia::ExitStatus>
    where
        B: Clone + Send + Sync + 'static,
        Hooks: omnia::Wiring<B>,
    {
        omnia::run_with::<B, Hooks>(builder.mode(omnia::Mode::Server), backends).await
    }
}
#[allow(unused_imports)]
pub use runtime::{Hooks, main, manifest, run, run_with};
