---
source: crates/host-macros/src/runtime.rs
expression: "expand_pretty(quote!({\n    hosts:\n    {\n        WasiHttp: HttpDefault, WasiOtel: OtelDefault, WasiKeyValue:\n        KeyValueDefault,\n    },\n}))"
---
mod runtime {
    use omnia::anyhow::Result;
    use omnia::futures::future;
    use omnia::Server;
    use omnia::tokio;
    use super::*;
    use omnia::Backend;
    #[derive(Clone)]
    struct Backends {
        http_default: HttpDefault,
        otel_default: OtelDefault,
        key_value_default: KeyValueDefault,
    }
    impl omnia::Backends for Backends {
        async fn connect() -> Result<Self> {
            let (http_default, otel_default, key_value_default) = tokio::try_join!(
                < HttpDefault as Backend > ::connect(), < OtelDefault as Backend >
                ::connect(), < KeyValueDefault as Backend > ::connect(),
            )?;
            Ok(Self {
                http_default,
                otel_default,
                key_value_default,
            })
        }
    }
    impl omnia::Provides<omnia::HttpCtx> for Backends {
        fn borrow(&mut self) -> <omnia::HttpCtx as omnia::HostCtx>::Borrow<'_> {
            &mut self.http_default
        }
    }
    impl omnia::Provides<WasiOtel> for Backends {
        fn borrow(&mut self) -> <WasiOtel as omnia::HostCtx>::Borrow<'_> {
            &mut self.otel_default
        }
    }
    impl omnia::Provides<WasiKeyValue> for Backends {
        fn borrow(&mut self) -> <WasiKeyValue as omnia::HostCtx>::Borrow<'_> {
            &mut self.key_value_default
        }
    }
    struct Hooks;
    impl omnia::Wiring<Backends> for Hooks {
        fn link(
            deployment: &mut omnia::Deployment<omnia::StoreCtx<Backends>>,
        ) -> Result<()> {
            deployment.host::<WasiHttp, Backends>()?;
            deployment.host::<WasiOtel, Backends>()?;
            deployment.host::<WasiKeyValue, Backends>()?;
            Ok(())
        }
        async fn serve(runtime: &omnia::Runtime<Backends>) -> Result<()> {
            let servers: Vec<future::BoxFuture<'_, Result<()>>> = vec![
                Box::pin(WasiHttp.run(runtime)), Box::pin(WasiOtel.run(runtime)),
                Box::pin(WasiKeyValue.run(runtime)),
            ];
            future::try_join_all(servers).await?;
            Ok(())
        }
    }
    /// Entry point: run the compiled-in deployment through this
    /// runtime's hosts and backends (raw argv passthrough for a
    /// command deployment compiled in here, otherwise the standard
    /// `run` grammar).
    #[tokio::main]
    pub async fn main() -> ::std::process::ExitCode {
        omnia::main::<Backends, Hooks>(omnia::MainOptions::new(omnia::Mode::Server))
            .await
    }
    /// Run one deployment through this runtime's hosts and backends,
    /// blocking until the guest completes.
    #[tokio::main]
    pub async fn run(builder: omnia::DeploymentBuilder) -> Result<omnia::ExitStatus> {
        omnia::run::<Backends, Hooks>(builder.mode(omnia::Mode::Server)).await
    }
}
#[allow(unused_imports)]
pub use runtime::{run, main};
