---
source: crates/guest-macros/src/guest.rs
expression: "expand_pretty(quote!({\n    owner: \"examples\", provider: Provider, http:\n    [\"/greet/{name}\": get(Greet, Greeting), \"/greet\": post(Greet, Greeting),],\n}))"
---
mod __buildgen_guest {
    #[allow(unused_imports, reason = "generated glob for user-declared types")]
    use super::*;
    pub mod http {
        use super::*;
        /// Target-neutral router over the declared route table. The
        /// owner and provider arrive as router state via the
        /// [`omnia_guest::api::Client`], so the same router serves the
        /// wasm guest export and a native listener.
        pub fn router(
            client: omnia_guest::api::Client<Provider>,
        ) -> omnia_guest::axum::Router {
            omnia_guest::axum::Router::new()
                .route(
                    "/greet/{name}",
                    omnia_guest::api::route::get::<Greet, Provider>(),
                )
                .route("/greet", omnia_guest::api::route::post::<Greet, Provider>())
                .with_state(client)
        }
        #[cfg(target_arch = "wasm32")]
        mod wasm {
            use omnia_guest::{omnia_wasi_http, omnia_wasi_otel, wasip3};
            use super::*;
            pub struct Http;
            wasip3::http::service::export!(Http);
            static ROUTER: std::sync::LazyLock<omnia_guest::axum::Router> = std::sync::LazyLock::new(||
            {
                router(
                    omnia_guest::api::Client::new("examples")
                        .provider(<Provider as omnia_guest::api::DefaultProvider>::new()),
                )
            });
            impl wasip3::exports::http::handler::Guest for Http {
                #[omnia_wasi_otel::instrument]
                async fn handle(
                    request: wasip3::http::types::Request,
                ) -> Result<
                    wasip3::http::types::Response,
                    wasip3::http::types::ErrorCode,
                > {
                    omnia_wasi_http::serve(ROUTER.clone(), request).await
                }
            }
        }
    }
}
#[doc(hidden)]
pub use __buildgen_guest::http::router as http_router;
