---
source: crates/guest-macros/src/guest.rs
expression: "expand_pretty(quote!({\n    owner: \"examples\", provider: Provider, command: dispatch,\n}))"
---
mod __buildgen_guest {
    #[allow(unused_imports, reason = "generated glob for user-declared types")]
    use super::*;
    #[cfg(target_arch = "wasm32")]
    mod command {
        use omnia_guest::wasip3;
        use super::*;
        pub struct Command;
        wasip3::cli::command::export!(Command);
        impl wasip3::exports::cli::run::Guest for Command {
            async fn run() -> Result<(), ()> {
                let argv = wasip3::cli::environment::get_arguments();
                let code: u8 = dispatch(argv).await;
                if code == 0 {
                    return Ok(());
                }
                wasip3::cli::exit::exit_with_code(code);
                Err(())
            }
        }
    }
}
